device cuda  train 1049  val 131  test 132  w_peak_wavelength 100.0
== forward network ==
  [fnn] epoch 200 train 2.694e-04 val 2.633e-04 best 1.453e-04@183
  [fnn] epoch 400 train 9.517e-05 val 1.093e-04 best 9.066e-05@362
  [fnn] epoch 600 train 5.057e-05 val 7.318e-05 best 7.062e-05@586
  [fnn] epoch 800 train 5.349e-05 val 9.578e-05 best 6.310e-05@718
  [fnn] epoch 1000 train 4.433e-05 val 7.716e-05 best 6.106e-05@876
  [fnn] epoch 1200 train 3.215e-05 val 6.119e-05 best 5.580e-05@1165
  [fnn] epoch 1400 train 3.455e-05 val 9.459e-05 best 5.580e-05@1165
  [fnn] epoch 1600 train 2.508e-05 val 6.750e-05 best 5.580e-05@1165
  [fnn] epoch 1800 train 2.948e-05 val 6.794e-05 best 5.580e-05@1165
  [fnn] epoch 2000 train 2.225e-05 val 5.731e-05 best 5.236e-05@1916
  [fnn] stopped at epoch 1999; best val 5.236161e-05 at epoch 1916; 234 s
== tandem network ==
  [tandem] epoch 200 train 7.351e-02 val 7.581e-02 best 4.985e-02@1
  [tandem] epoch 400 train 7.356e-02 val 7.581e-02 best 4.985e-02@1
  [tandem] epoch 600 train 7.346e-02 val 7.581e-02 best 4.985e-02@1
  [tandem] epoch 800 train 7.348e-02 val 7.581e-02 best 4.985e-02@1
  [tandem] epoch 1000 train 7.356e-02 val 7.581e-02 best 4.985e-02@1
  [tandem] epoch 1200 train 7.354e-02 val 7.581e-02 best 4.985e-02@1
  [tandem] epoch 1400 train 7.367e-02 val 7.581e-02 best 4.985e-02@1
  [tandem] epoch 1600 train 7.300e-02 val 7.581e-02 best 4.985e-02@1
  [tandem] epoch 1800 train 7.397e-02 val 7.581e-02 best 4.985e-02@1
  [tandem] epoch 2000 train 7.366e-02 val 7.581e-02 best 4.985e-02@1
  [tandem] stopped at epoch 1999; best val 4.985446e-02 at epoch 1; 151 s
== CVAE ==
  [cvae] epoch 200 train 1.414e+01 val 1.282e+01 best 1.282e+01@199
  [cvae] epoch 400 train 9.721e+00 val 7.893e+00 best 7.695e+00@389
  [cvae] epoch 600 train 7.555e+00 val 7.143e+00 best 6.035e+00@581
  [cvae] epoch 800 train 6.136e+00 val 5.360e+00 best 5.095e+00@795
  [cvae] epoch 1000 train 5.403e+00 val 4.903e+00 best 4.182e+00@970
  [cvae] epoch 1200 train 4.371e+00 val 3.915e+00 best 3.621e+00@1057
  [cvae] epoch 1400 train 4.404e+00 val 3.392e+00 best 3.234e+00@1304
  [cvae] epoch 1600 train 4.107e+00 val 5.138e+00 best 3.083e+00@1465
  [cvae] epoch 1800 train 3.658e+00 val 3.059e+00 best 3.018e+00@1730
  [cvae] epoch 2000 train 3.581e+00 val 3.568e+00 best 2.811e+00@1954
  [cvae] stopped at epoch 1999; best val 2.811345e+00 at epoch 1954; 314 s
Saved: /home/yuxiao/Yuxiao Li/tandem/1peak/weight_grid_runs/w100_100/training_summary.json
