device cuda  train 1049  val 131  test 132  w_peak_wavelength 10.0
== forward network ==
  [fnn] epoch 200 train 5.427e-05 val 7.415e-05 best 6.972e-05@195
  [fnn] epoch 400 train 3.765e-05 val 6.228e-05 best 5.456e-05@397
  [fnn] epoch 600 train 3.571e-05 val 6.506e-05 best 5.245e-05@576
  [fnn] epoch 800 train 2.270e-05 val 5.173e-05 best 4.865e-05@778
  [fnn] epoch 1000 train 2.362e-05 val 5.705e-05 best 4.857e-05@932
  [fnn] epoch 1200 train 1.773e-05 val 5.717e-05 best 4.857e-05@932
  [fnn] epoch 1400 train 2.112e-05 val 7.883e-05 best 4.825e-05@1256
  [fnn] epoch 1600 train 2.542e-05 val 5.992e-05 best 4.825e-05@1256
  [fnn] epoch 1800 train 1.609e-05 val 6.107e-05 best 4.825e-05@1256
  [fnn] epoch 2000 train 1.093e-05 val 5.869e-05 best 4.825e-05@1256
  [fnn] stopped at epoch 1999; best val 4.824519e-05 at epoch 1256; 239 s
== tandem network ==
  [tandem] epoch 200 train 1.455e-05 val 3.794e-05 best 3.794e-05@199
  [tandem] epoch 400 train 1.567e-05 val 4.355e-05 best 3.794e-05@199
  [tandem] epoch 600 train 1.536e-05 val 4.219e-05 best 3.755e-05@453
  [tandem] epoch 800 train 1.486e-05 val 3.857e-05 best 3.718e-05@679
  [tandem] epoch 1000 train 1.241e-05 val 3.722e-05 best 3.718e-05@679
  [tandem] epoch 1200 train 1.561e-05 val 4.173e-05 best 3.651e-05@1072
  [tandem] epoch 1400 train 3.312e-03 val 3.563e-03 best 3.587e-05@1305
  [tandem] epoch 1600 train 1.314e-05 val 4.121e-05 best 3.587e-05@1305
  [tandem] epoch 1800 train 1.230e-05 val 3.826e-05 best 3.587e-05@1305
  [tandem] epoch 2000 train 1.441e-05 val 4.138e-05 best 3.587e-05@1305
  [tandem] stopped at epoch 1999; best val 3.586819e-05 at epoch 1305; 153 s
== CVAE ==
  [cvae] epoch 200 train 1.191e+01 val 1.046e+01 best 9.761e+00@198
  [cvae] epoch 400 train 9.528e+00 val 8.521e+00 best 7.147e+00@380
  [cvae] epoch 600 train 7.101e+00 val 6.612e+00 best 5.754e+00@596
  [cvae] epoch 800 train 5.938e+00 val 5.258e+00 best 4.833e+00@756
  [cvae] epoch 1000 train 5.157e+00 val 4.469e+00 best 4.250e+00@995
  [cvae] epoch 1200 train 4.318e+00 val 4.095e+00 best 3.738e+00@1185
  [cvae] epoch 1400 train 4.185e+00 val 4.042e+00 best 3.208e+00@1348
  [cvae] epoch 1600 train 4.071e+00 val 4.552e+00 best 3.091e+00@1596
  [cvae] epoch 1800 train 3.899e+00 val 3.578e+00 best 2.927e+00@1784
  [cvae] epoch 2000 train 3.379e+00 val 3.278e+00 best 2.868e+00@1834
  [cvae] stopped at epoch 1999; best val 2.867538e+00 at epoch 1834; 322 s
Saved: /home/yuxiao/Yuxiao Li/tandem/1peak/weight_grid_runs/w10_1/training_summary.json
