device cuda  train 9479  val 1184  test 1186  w_peak_wavelength 10.0
data data/cstdata_35547.npz
structure_min [2.5, 1.5, 1.5]  structure_max [6.5, 3.05, 3.05]
Saved: /home/yuxiao/Yuxiao Li/tandem/2peak/weight_grid_runs/w10_100/model/normalisation.json
== forward network ==
  [fnn] epoch 200 train 1.740e-04 val 1.926e-04 best 1.836e-04@193
  [fnn] epoch 400 train 1.275e-04 val 1.594e-04 best 1.594e-04@399
  [fnn] epoch 600 train 8.829e-05 val 1.406e-04 best 1.349e-04@573
  [fnn] epoch 800 train 6.271e-05 val 1.296e-04 best 1.236e-04@769
  [fnn] epoch 1000 train 4.978e-05 val 1.282e-04 best 1.236e-04@769
  [fnn] epoch 1200 train 4.397e-05 val 1.342e-04 best 1.236e-04@769
  [fnn] epoch 1400 train 3.216e-05 val 1.311e-04 best 1.236e-04@769
  [fnn] epoch 1600 train 2.429e-05 val 1.331e-04 best 1.236e-04@769
  [fnn] epoch 1800 train 2.449e-05 val 1.361e-04 best 1.236e-04@769
  [fnn] epoch 2000 train 1.862e-05 val 1.362e-04 best 1.236e-04@769
  [fnn] stopped at epoch 1999; best val 1.236322e-04 at epoch 769; 750 s
== tandem network ==
  [tandem] epoch 200 train 5.847e-02 val 5.926e-02 best 3.483e-02@0
  [tandem] epoch 400 train 5.845e-02 val 5.926e-02 best 3.483e-02@0
  [tandem] epoch 600 train 5.856e-02 val 5.926e-02 best 3.483e-02@0
  [tandem] epoch 800 train 5.859e-02 val 5.926e-02 best 3.483e-02@0
  [tandem] epoch 1000 train 5.845e-02 val 5.926e-02 best 3.483e-02@0
  [tandem] epoch 1200 train 5.842e-02 val 5.926e-02 best 3.483e-02@0
  [tandem] epoch 1400 train 5.846e-02 val 5.926e-02 best 3.483e-02@0
  [tandem] epoch 1600 train 5.848e-02 val 5.926e-02 best 3.483e-02@0
  [tandem] epoch 1800 train 5.843e-02 val 5.926e-02 best 3.483e-02@0
  [tandem] epoch 2000 train 5.842e-02 val 5.926e-02 best 3.483e-02@0
  [tandem] stopped at epoch 1999; best val 3.483354e-02 at epoch 0; 710 s
== CVAE ==
  [cvae] epoch 200 train 2.051e+01 val 1.865e+01 best 1.833e+01@190
  [cvae] epoch 400 train 1.477e+01 val 1.329e+01 best 1.317e+01@369
  [cvae] epoch 600 train 1.146e+01 val 1.181e+01 best 1.015e+01@595
  [cvae] epoch 800 train 9.199e+00 val 8.925e+00 best 8.090e+00@798
  [cvae] epoch 1000 train 7.965e+00 val 7.475e+00 best 6.915e+00@987
  [cvae] epoch 1200 train 6.733e+00 val 7.206e+00 best 6.243e+00@1150
  [cvae] epoch 1400 train 6.052e+00 val 7.447e+00 best 5.627e+00@1366
  [cvae] epoch 1600 train 5.602e+00 val 6.934e+00 best 5.469e+00@1555
  [cvae] epoch 1800 train 5.388e+00 val 6.800e+00 best 5.469e+00@1555
  [cvae] epoch 2000 train 5.269e+00 val 5.998e+00 best 5.428e+00@1912
  [cvae] stopped at epoch 1999; best val 5.428233e+00 at epoch 1912; 2505 s
Saved: /home/yuxiao/Yuxiao Li/tandem/2peak/weight_grid_runs/w10_100/training_summary.json
